[[1;34mINFO[m] Scanning for projects...
[[1;34mINFO[m] 
[[1;34mINFO[m] [1m--------------------< [0;36mcom.granero:payments-backend[0;1m >--------------------[m
[[1;34mINFO[m] [1mBuilding granero-payments-backend 0.1.0[m
[[1;34mINFO[m] [1m--------------------------------[ jar ]---------------------------------[m
[[1;34mINFO[m] 
[[1;34mINFO[m] [1m>>> [0;32mspring-boot-maven-plugin:3.3.4:run[m [1m(default-cli)[0;1m > [0;1mtest-compile[m @ [36mpayments-backend[0;1m >>>[m
[[1;34mINFO[m] 
[[1;34mINFO[m] [1m--- [0;32mmaven-resources-plugin:3.3.1:resources[m [1m(default-resources)[m @ [36mpayments-backend[0;1m ---[m
[[1;34mINFO[m] Copying 1 resource from src/main/resources to target/classes
[[1;34mINFO[m] Copying 2 resources from src/main/resources to target/classes
[[1;34mINFO[m] 
[[1;34mINFO[m] [1m--- [0;32mmaven-compiler-plugin:3.13.0:compile[m [1m(default-compile)[m @ [36mpayments-backend[0;1m ---[m
[[1;34mINFO[m] Recompiling the module because of [1mchanged source code[m.
[[1;34mINFO[m] Compiling 39 source files with javac [debug parameters release 21] to target/classes
[[1;34mINFO[m] Annotation processing is enabled because one or more processors were found
  on the class path. A future release of javac may disable annotation processing
  unless at least one processor is specified by name (-processor), or a search
  path is specified (--processor-path, --processor-module-path), or annotation
  processing is enabled explicitly (-proc:only, -proc:full).
  Use -Xlint:-options to suppress this message.
  Use -proc:none to disable annotation processing.
[[1;34mINFO[m] 
[[1;34mINFO[m] [1m--- [0;32mmaven-resources-plugin:3.3.1:testResources[m [1m(default-testResources)[m @ [36mpayments-backend[0;1m ---[m
[[1;34mINFO[m] skip non existing resourceDirectory /home/Coder/Escritorio/openpayment/backend/granero-payments-backend/src/test/resources
[[1;34mINFO[m] 
[[1;34mINFO[m] [1m--- [0;32mmaven-compiler-plugin:3.13.0:testCompile[m [1m(default-testCompile)[m @ [36mpayments-backend[0;1m ---[m
[[1;34mINFO[m] Recompiling the module because of [1mchanged dependency[m.
[[1;34mINFO[m] Compiling 1 source file with javac [debug parameters release 21] to target/test-classes
[[1;34mINFO[m] Annotation processing is enabled because one or more processors were found
  on the class path. A future release of javac may disable annotation processing
  unless at least one processor is specified by name (-processor), or a search
  path is specified (--processor-path, --processor-module-path), or annotation
  processing is enabled explicitly (-proc:only, -proc:full).
  Use -Xlint:-options to suppress this message.
  Use -proc:none to disable annotation processing.
[[1;34mINFO[m] 
[[1;34mINFO[m] [1m<<< [0;32mspring-boot-maven-plugin:3.3.4:run[m [1m(default-cli)[0;1m < [0;1mtest-compile[m @ [36mpayments-backend[0;1m <<<[m
[[1;34mINFO[m] 
[[1;34mINFO[m] 
[[1;34mINFO[m] [1m--- [0;32mspring-boot-maven-plugin:3.3.4:run[m [1m(default-cli)[m @ [36mpayments-backend[0;1m ---[m
[[1;34mINFO[m] Attaching agents: []

  .   ____          _            __ _ _
 /\\ / ___'_ __ _ _(_)_ __  __ _ \ \ \ \
( ( )\___ | '_ | '_| | '_ \/ _` | \ \ \ \
 \\/  ___)| |_)| | | | | || (_| |  ) ) ) )
  '  |____| .__|_| |_|_| |_\__, | / / / /
 =========|_|==============|___/=/_/_/_/

 :: Spring Boot ::                (v3.3.4)

2026-08-01T14:42:27.658-05:00  INFO 110197 --- [granero-payments-backend] [           main] c.g.payments.PaymentsBackendApplication  : Starting PaymentsBackendApplication using Java 21.0.11 with PID 110197 (/home/Coder/Escritorio/openpayment/backend/granero-payments-backend/target/classes started by Coder in /home/Coder/Escritorio/openpayment/backend/granero-payments-backend)
2026-08-01T14:42:27.659-05:00 DEBUG 110197 --- [granero-payments-backend] [           main] c.g.payments.PaymentsBackendApplication  : Running with Spring Boot v3.3.4, Spring v6.1.13
2026-08-01T14:42:27.660-05:00  INFO 110197 --- [granero-payments-backend] [           main] c.g.payments.PaymentsBackendApplication  : The following 1 profile is active: "dev"
2026-08-01T14:42:28.001-05:00  INFO 110197 --- [granero-payments-backend] [           main] .s.d.r.c.RepositoryConfigurationDelegate : Bootstrapping Spring Data JPA repositories in DEFAULT mode.
2026-08-01T14:42:28.035-05:00  INFO 110197 --- [granero-payments-backend] [           main] .s.d.r.c.RepositoryConfigurationDelegate : Finished Spring Data repository scanning in 30 ms. Found 4 JPA repository interfaces.
2026-08-01T14:42:28.346-05:00  INFO 110197 --- [granero-payments-backend] [           main] o.s.b.w.embedded.tomcat.TomcatWebServer  : Tomcat initialized with port 8080 (http)
2026-08-01T14:42:28.354-05:00  INFO 110197 --- [granero-payments-backend] [           main] o.apache.catalina.core.StandardService   : Starting service [Tomcat]
2026-08-01T14:42:28.354-05:00  INFO 110197 --- [granero-payments-backend] [           main] o.apache.catalina.core.StandardEngine    : Starting Servlet engine: [Apache Tomcat/10.1.30]
2026-08-01T14:42:28.377-05:00  INFO 110197 --- [granero-payments-backend] [           main] o.a.c.c.C.[Tomcat].[localhost].[/]       : Initializing Spring embedded WebApplicationContext
2026-08-01T14:42:28.378-05:00  INFO 110197 --- [granero-payments-backend] [           main] w.s.c.ServletWebServerApplicationContext : Root WebApplicationContext: initialization completed in 694 ms
2026-08-01T14:42:28.399-05:00  INFO 110197 --- [granero-payments-backend] [           main] com.zaxxer.hikari.HikariDataSource       : HikariPool-1 - Starting...
2026-08-01T14:42:28.482-05:00  INFO 110197 --- [granero-payments-backend] [           main] com.zaxxer.hikari.pool.HikariPool        : HikariPool-1 - Added connection org.sqlite.jdbc4.JDBC4Connection@68ddd415
2026-08-01T14:42:28.483-05:00  INFO 110197 --- [granero-payments-backend] [           main] com.zaxxer.hikari.HikariDataSource       : HikariPool-1 - Start completed.
2026-08-01T14:42:28.489-05:00  INFO 110197 --- [granero-payments-backend] [           main] o.s.b.a.h2.H2ConsoleAutoConfiguration    : H2 console available at '/h2-console'. Database available at 'jdbc:sqlite:granerodb.db'
2026-08-01T14:42:28.553-05:00  INFO 110197 --- [granero-payments-backend] [           main] o.hibernate.jpa.internal.util.LogHelper  : HHH000204: Processing PersistenceUnitInfo [name: default]
2026-08-01T14:42:28.577-05:00  INFO 110197 --- [granero-payments-backend] [           main] org.hibernate.Version                    : HHH000412: Hibernate ORM core version 6.5.3.Final
2026-08-01T14:42:28.590-05:00  INFO 110197 --- [granero-payments-backend] [           main] o.h.c.internal.RegionFactoryInitiator    : HHH000026: Second-level cache disabled
2026-08-01T14:42:28.731-05:00  INFO 110197 --- [granero-payments-backend] [           main] o.s.o.j.p.SpringPersistenceUnitInfo      : No LoadTimeWeaver setup: ignoring JPA class transformer
2026-08-01T14:42:29.214-05:00  INFO 110197 --- [granero-payments-backend] [           main] o.h.e.t.j.p.i.JtaPlatformInitiator       : HHH000489: No JTA platform available (set 'hibernate.transaction.jta.platform' to enable JTA platform integration)
2026-08-01T14:42:29.232-05:00  INFO 110197 --- [granero-payments-backend] [           main] j.LocalContainerEntityManagerFactoryBean : Initialized JPA EntityManagerFactory for persistence unit 'default'
2026-08-01T14:42:29.404-05:00 DEBUG 110197 --- [granero-payments-backend] [           main] c.g.p.security.JwtAuthenticationFilter   : Filter 'jwtAuthenticationFilter' configured for use
2026-08-01T14:42:29.513-05:00  INFO 110197 --- [granero-payments-backend] [           main] r$InitializeUserDetailsManagerConfigurer : Global AuthenticationManager configured with UserDetailsService bean with name customUserDetailsService
2026-08-01T14:42:29.587-05:00  WARN 110197 --- [granero-payments-backend] [           main] JpaBaseConfiguration$JpaWebConfiguration : spring.jpa.open-in-view is enabled by default. Therefore, database queries may be performed during view rendering. Explicitly configure spring.jpa.open-in-view to disable this warning
2026-08-01T14:42:29.948-05:00  INFO 110197 --- [granero-payments-backend] [           main] o.s.b.w.embedded.tomcat.TomcatWebServer  : Tomcat started on port 8080 (http) with context path '/'
2026-08-01T14:42:29.953-05:00  INFO 110197 --- [granero-payments-backend] [           main] c.g.payments.PaymentsBackendApplication  : Started PaymentsBackendApplication in 2.505 seconds (process running for 2.666)
2026-08-01T14:44:03.260-05:00  INFO 110197 --- [granero-payments-backend] [ionShutdownHook] j.LocalContainerEntityManagerFactoryBean : Closing JPA EntityManagerFactory for persistence unit 'default'
2026-08-01T14:44:03.262-05:00  INFO 110197 --- [granero-payments-backend] [ionShutdownHook] com.zaxxer.hikari.HikariDataSource       : HikariPool-1 - Shutdown initiated...
2026-08-01T14:44:03.264-05:00  INFO 110197 --- [granero-payments-backend] [ionShutdownHook] com.zaxxer.hikari.HikariDataSource       : HikariPool-1 - Shutdown completed.
